../Core/Src/main.c:96:6:delay_us	16	static
../Core/Src/main.c:102:6:hx711_powerUp	8	static
../Core/Src/main.c:106:6:hx711_setGain	16	static
../Core/Src/main.c:114:6:hx711_init	8	static
../Core/Src/main.c:122:9:hx711_get_value	32	static
../Core/Src/main.c:161:9:hx711_is_ready	8	static
../Core/Src/main.c:167:6:HAL_UART_RxCpltCallback	16	static
../Core/Src/main.c:177:6:HAL_UART_TxCpltCallback	16	static
../Core/Src/main.c:188:5:main	80	static
../Core/Src/main.c:365:6:SystemClock_Config	88	static
../Core/Src/main.c:412:13:MX_ADC1_Init	24	static
../Core/Src/main.c:464:13:MX_TIM1_Init	32	static
../Core/Src/main.c:510:13:MX_TIM2_Init	64	static
../Core/Src/main.c:569:13:MX_USART1_UART_Init	8	static
../Core/Src/main.c:602:13:MX_USART2_UART_Init	8	static
../Core/Src/main.c:635:13:MX_USART6_UART_Init	8	static
../Core/Src/main.c:666:13:MX_DMA_Init	16	static
../Core/Src/main.c:687:13:MX_GPIO_Init	48	static
../Core/Src/main.c:765:6:Error_Handler	4	static,ignoring_inline_asm
